# 命令
java -XX:+PrintGC -Xmx1g -Xms1g -XX:+UseG1GC GCLogAnalysis

## GC日志
正在执行...
[GC pause (G1 Evacuation Pause) (young) 63849K->18160K(1024M), 0.0080596 secs]
[GC pause (G1 Evacuation Pause) (young) 75473K->37184K(1024M), 0.0064004 secs]
[GC pause (G1 Evacuation Pause) (young) 91177K->56049K(1024M), 0.0070137 secs]
[GC pause (G1 Evacuation Pause) (young) 105M->73174K(1024M), 0.0077377 secs]
[GC pause (G1 Evacuation Pause) (young) 127M->91880K(1024M), 0.0067200 secs]
[GC pause (G1 Evacuation Pause) (young) 148M->110M(1024M), 0.0076367 secs]
[GC pause (G1 Evacuation Pause) (young) 163M->125M(1024M), 0.0126532 secs]
[GC pause (G1 Evacuation Pause) (young) 221M->157M(1024M), 0.0111688 secs]
[GC pause (G1 Evacuation Pause) (young) 242M->184M(1024M), 0.0106595 secs]
[GC pause (G1 Evacuation Pause) (young) 319M->230M(1024M), 0.0146888 secs]
[GC pause (G1 Evacuation Pause) (young) 360M->268M(1024M), 0.0145112 secs]
[GC pause (G1 Evacuation Pause) (young) 413M->309M(1024M), 0.0166873 secs]
[GC pause (G1 Evacuation Pause) (young) 498M->363M(1024M), 0.0227229 secs]
[GC pause (G1 Humongous Allocation) (young) (initial-mark) 591M->432M(1024M), 0.0258201 secs]
[GC concurrent-root-region-scan-start]
[GC concurrent-root-region-scan-end, 0.0001341 secs]
[GC concurrent-mark-start]
[GC concurrent-mark-end, 0.0147756 secs]
[GC remark, 0.0023542 secs]
[GC cleanup 505M->490M(1024M), 0.0010919 secs]
[GC concurrent-cleanup-start]
[GC concurrent-cleanup-end, 0.0000148 secs]
[GC pause (G1 Evacuation Pause) (young)-- 888M->729M(1024M), 0.0115516 secs]
[GC pause (G1 Evacuation Pause) (mixed) 753M->669M(1024M), 0.0089679 secs]
[GC pause (G1 Evacuation Pause) (mixed) 728M->654M(1024M), 0.0052888 secs]
[GC pause (G1 Humongous Allocation) (young) (initial-mark) 655M->654M(1024M), 0.0018174 secs]
[GC concurrent-root-region-scan-start]
[GC concurrent-root-region-scan-end, 0.0001595 secs]
[GC concurrent-mark-start]
[GC concurrent-mark-end, 0.0063350 secs]
[GC remark, 0.0029032 secs]
[GC cleanup 697M->678M(1024M), 0.0010489 secs]
[GC concurrent-cleanup-start]
[GC concurrent-cleanup-end, 0.0000609 secs]
[GC pause (G1 Evacuation Pause) (young) 832M->684M(1024M), 0.0100151 secs]
[GC pause (G1 Evacuation Pause) (mixed) 721M->595M(1024M), 0.0059341 secs]
[GC pause (G1 Evacuation Pause) (mixed) 657M->526M(1024M), 0.0065304 secs]
[GC pause (G1 Evacuation Pause) (mixed) 582M->470M(1024M), 0.0107012 secs]
[GC pause (G1 Evacuation Pause) (mixed) 528M->463M(1024M), 0.0074138 secs]
[GC pause (G1 Humongous Allocation) (young) (initial-mark) 465M->463M(1024M), 0.0020576 secs]
[GC concurrent-root-region-scan-start]
[GC concurrent-root-region-scan-end, 0.0001472 secs]
[GC concurrent-mark-start]
[GC concurrent-mark-end, 0.0049832 secs]
[GC remark, 0.0024703 secs]
[GC cleanup 493M->487M(1024M), 0.0010431 secs]
[GC concurrent-cleanup-start]
[GC concurrent-cleanup-end, 0.0000089 secs]
[GC pause (G1 Evacuation Pause) (young)-- 850M->651M(1024M), 0.0107513 secs]
[GC pause (G1 Evacuation Pause) (mixed) 663M->583M(1024M), 0.0123142 secs]
[GC pause (G1 Evacuation Pause) (mixed) 639M->589M(1024M), 0.0043973 secs]

## 总结
1. 一共16次的YoungGc,3次FULLGC
2. [GC pause (G1 Evacuation Pause) (young) 63849K->18160K(1024M), 0.0080596 secs] ... Young区的回收,从63849K 回收至 18160K,耗时8ms。
3. 与CMS GC类似.有标记，以及并发阶段。